roland@Goms:~/Haskell/HaskellTutorials$ mkdir EasyRaster
roland@Goms:~/Haskell/HaskellTutorials$ cd EasyRaster
roland@Goms:~/Haskell/HaskellTutorials/EasyRaster$ cabal sandbox init
Writing a default package environment file to
/home/roland/Haskell/HaskellTutorials/EasyRaster/cabal.sandbox.config
Creating a new sandbox at
/home/roland/Haskell/HaskellTutorials/EasyRaster/.cabal-sandbox
roland@Goms:~/Haskell/HaskellTutorials/EasyRaster$ cabal install AC-EasyRaster-GTK
Resolving dependencies...
Notice: installing into a sandbox located at
/home/roland/Haskell/HaskellTutorials/EasyRaster/.cabal-sandbox
Configuring text-1.2.1.1...
Configuring transformers-0.4.3.0...
Configuring utf8-string-1...
Building transformers-0.4.3.0...
Building utf8-string-1...
Building text-1.2.1.1...
Installed utf8-string-1
Installed transformers-0.4.3.0
Configuring mtl-2.2.1...
Building mtl-2.2.1...
Installed mtl-2.2.1
Installed text-1.2.1.1
Configuring cairo-0.13.1.0...
Configuring glib-0.13.1.0...
Building glib-0.13.1.0...
Building cairo-0.13.1.0...
Installed glib-0.13.1.0
Configuring gio-0.13.1.0...
Installed cairo-0.13.1.0
Configuring pango-0.13.1.0...
Building gio-0.13.1.0...
Building pango-0.13.1.0...
Installed pango-0.13.1.0
Installed gio-0.13.1.0
Configuring gtk-0.13.7...
Building gtk-0.13.7...
Installed gtk-0.13.7
Downloading AC-EasyRaster-GTK-1.1.3...
Configuring AC-EasyRaster-GTK-1.1.3...
Building AC-EasyRaster-GTK-1.1.3...
Failed to install AC-EasyRaster-GTK-1.1.3
Build log ( /home/roland/Haskell/HaskellTutorials/EasyRaster/.cabal-sandbox/logs/AC-EasyRaster-GTK-1.1.3.log ):
Configuring AC-EasyRaster-GTK-1.1.3...
Building AC-EasyRaster-GTK-1.1.3...
Preprocessing library AC-EasyRaster-GTK-1.1.3...
[1 of 2] Compiling Graphics.EasyRaster.GTK ( Graphics/EasyRaster/GTK.hs, dist/dist-sandbox-87744715/build/Graphics/EasyRaster/GTK.o )

Graphics/EasyRaster/GTK.hs:188:30:
    Couldn't match type ‘[Char]’
                  with ‘text-1.2.1.1:Data.Text.Internal.Text’
    Expected type: ImageFormat
      Actual type: String
    In the third argument of ‘pixbufSave’, namely ‘(type_string t)’
    In a stmt of a 'do' block:
      pixbufSave (pixbuf buf) f (type_string t) []
cabal: Error: some packages failed to install:
AC-EasyRaster-GTK-1.1.3 failed during the building phase. The exception was:
ExitFailure 1
roland@Goms:~/Haskell/HaskellTutorials/EasyRaster$ ^C

